2026-08-23T08:07:50+00:00 INFO {"url":"https:\/\/dummy.xtemos.com\/woodmart2\/keyboards-elementor\/wp-content\/uploads\/sites\/71\/2026\/04\/kac-logo.svg","data":{"errors":{"http_request_failed":["A valid URL was not provided."]},"error_data":[]}}
2026-08-23T08:07:50+00:00 INFO {"url":"https:\/\/dummy.xtemos.com\/woodmart2\/keyboards-elementor\/wp-content\/uploads\/sites\/71\/2026\/04\/kac-logo.svg","data":{"errors":{"http_request_failed":["A valid URL was not provided."]},"error_data":[]}}
2026-08-23T08:07:50+00:00 INFO {"url":"https:\/\/dummy.xtemos.com\/woodmart2\/keyboards-elementor\/wp-content\/uploads\/sites\/71\/2026\/04\/kac-logo.svg","data":{"errors":{"http_request_failed":["A valid URL was not provided."]},"error_data":[]}}
2026-08-23T08:07:50+00:00 INFO {"url":"https:\/\/woodmart-dummy.b-cdn.net\/woodmart2\/keyboards-elementor\/wp-content\/uploads\/sites\/71\/2026\/04\/kac-hero-keycap.jpg","data":{"errors":{"http_request_failed":["A valid URL was not provided."]},"error_data":[]}}
2026-08-23T08:07:50+00:00 INFO {"url":"https:\/\/woodmart-dummy.b-cdn.net\/woodmart2\/keyboards-elementor\/wp-content\/uploads\/sites\/71\/2026\/04\/kac-hero-keycap.jpg","data":{"errors":{"http_request_failed":["A valid URL was not provided."]},"error_data":[]}}
2026-08-23T08:07:50+00:00 INFO {"url":"https:\/\/woodmart-dummy.b-cdn.net\/woodmart2\/keyboards-elementor\/wp-content\/uploads\/sites\/71\/2026\/04\/kac-hero-keycap.jpg","data":{"errors":{"http_request_failed":["A valid URL was not provided."]},"error_data":[]}}
2026-08-23T08:07:50+00:00 INFO {"url":"https:\/\/woodmart-dummy.b-cdn.net\/woodmart2\/keyboards-elementor\/wp-content\/uploads\/sites\/71\/2026\/04\/kac-hero-switch.jpg","data":{"errors":{"http_request_failed":["A valid URL was not provided."]},"error_data":[]}}
2026-08-23T08:07:50+00:00 INFO {"url":"https:\/\/woodmart-dummy.b-cdn.net\/woodmart2\/keyboards-elementor\/wp-content\/uploads\/sites\/71\/2026\/04\/kac-hero-switch.jpg","data":{"errors":{"http_request_failed":["A valid URL was not provided."]},"error_data":[]}}
2026-08-23T08:07:50+00:00 INFO {"url":"https:\/\/woodmart-dummy.b-cdn.net\/woodmart2\/keyboards-elementor\/wp-content\/uploads\/sites\/71\/2026\/04\/kac-hero-switch.jpg","data":{"errors":{"http_request_failed":["A valid URL was not provided."]},"error_data":[]}}
2026-08-23T08:07:50+00:00 INFO {"url":"https:\/\/woodmart-dummy.b-cdn.net\/woodmart2\/keyboards-elementor\/wp-content\/uploads\/sites\/71\/2026\/04\/Icon-2.svg","data":{"errors":{"http_request_failed":["A valid URL was not provided."]},"error_data":[]}}
2026-08-23T08:07:50+00:00 INFO {"url":"https:\/\/woodmart-dummy.b-cdn.net\/woodmart2\/keyboards-elementor\/wp-content\/uploads\/sites\/71\/2026\/04\/Icon-2.svg","data":{"errors":{"http_request_failed":["A valid URL was not provided."]},"error_data":[]}}
2026-08-23T08:07:50+00:00 INFO {"url":"https:\/\/woodmart-dummy.b-cdn.net\/woodmart2\/keyboards-elementor\/wp-content\/uploads\/sites\/71\/2026\/04\/Icon-2.svg","data":{"errors":{"http_request_failed":["A valid URL was not provided."]},"error_data":[]}}
2026-08-23T08:07:50+00:00 INFO {"url":"https:\/\/woodmart-dummy.b-cdn.net\/woodmart2\/keyboards-elementor\/wp-content\/uploads\/sites\/71\/2026\/04\/Tiny5-Regular.woff2","data":{"errors":{"http_request_failed":["A valid URL was not provided."]},"error_data":[]}}
2026-08-23T08:07:50+00:00 INFO {"url":"https:\/\/woodmart-dummy.b-cdn.net\/woodmart2\/keyboards-elementor\/wp-content\/uploads\/sites\/71\/2026\/04\/Tiny5-Regular.woff2","data":{"errors":{"http_request_failed":["A valid URL was not provided."]},"error_data":[]}}
2026-08-23T08:07:50+00:00 INFO {"url":"https:\/\/woodmart-dummy.b-cdn.net\/woodmart2\/keyboards-elementor\/wp-content\/uploads\/sites\/71\/2026\/04\/Tiny5-Regular.woff2","data":{"errors":{"http_request_failed":["A valid URL was not provided."]},"error_data":[]}}
2026-08-23T08:07:50+00:00 INFO {"url":"https:\/\/woodmart-dummy.b-cdn.net\/woodmart2\/keyboards-elementor\/wp-content\/uploads\/sites\/71\/2026\/04\/kac-porudct-slide-1.jpg","data":{"errors":{"http_request_failed":["A valid URL was not provided."]},"error_data":[]}}
2026-08-23T08:07:50+00:00 INFO {"url":"https:\/\/woodmart-dummy.b-cdn.net\/woodmart2\/keyboards-elementor\/wp-content\/uploads\/sites\/71\/2026\/04\/kac-porudct-slide-1.jpg","data":{"errors":{"http_request_failed":["A valid URL was not provided."]},"error_data":[]}}
2026-08-23T08:07:50+00:00 INFO {"url":"https:\/\/woodmart-dummy.b-cdn.net\/woodmart2\/keyboards-elementor\/wp-content\/uploads\/sites\/71\/2026\/04\/kac-porudct-slide-1.jpg","data":{"errors":{"http_request_failed":["A valid URL was not provided."]},"error_data":[]}}
2026-08-23T08:07:50+00:00 INFO {"url":"https:\/\/woodmart-dummy.b-cdn.net\/woodmart2\/keyboards-elementor\/wp-content\/uploads\/sites\/71\/2026\/04\/kac-porudct-slide-2.jpg","data":{"errors":{"http_request_failed":["A valid URL was not provided."]},"error_data":[]}}
2026-08-23T08:07:50+00:00 INFO {"url":"https:\/\/woodmart-dummy.b-cdn.net\/woodmart2\/keyboards-elementor\/wp-content\/uploads\/sites\/71\/2026\/04\/kac-porudct-slide-2.jpg","data":{"errors":{"http_request_failed":["A valid URL was not provided."]},"error_data":[]}}
2026-08-23T08:07:50+00:00 INFO {"url":"https:\/\/woodmart-dummy.b-cdn.net\/woodmart2\/keyboards-elementor\/wp-content\/uploads\/sites\/71\/2026\/04\/kac-porudct-slide-2.jpg","data":{"errors":{"http_request_failed":["A valid URL was not provided."]},"error_data":[]}}
2026-08-23T08:07:50+00:00 INFO {"url":"https:\/\/woodmart-dummy.b-cdn.net\/woodmart2\/keyboards-elementor\/wp-content\/uploads\/sites\/71\/2026\/04\/kac-porudct-slide-3.jpg","data":{"errors":{"http_request_failed":["A valid URL was not provided."]},"error_data":[]}}
2026-08-23T08:07:50+00:00 INFO {"url":"https:\/\/woodmart-dummy.b-cdn.net\/woodmart2\/keyboards-elementor\/wp-content\/uploads\/sites\/71\/2026\/04\/kac-porudct-slide-3.jpg","data":{"errors":{"http_request_failed":["A valid URL was not provided."]},"error_data":[]}}
2026-08-23T08:07:50+00:00 INFO {"url":"https:\/\/woodmart-dummy.b-cdn.net\/woodmart2\/keyboards-elementor\/wp-content\/uploads\/sites\/71\/2026\/04\/kac-porudct-slide-3.jpg","data":{"errors":{"http_request_failed":["A valid URL was not provided."]},"error_data":[]}}
2026-08-23T08:07:50+00:00 INFO {"url":"https:\/\/woodmart-dummy.b-cdn.net\/woodmart2\/keyboards-elementor\/wp-content\/uploads\/sites\/71\/2026\/04\/kac-porudct-slide-4.jpg","data":{"errors":{"http_request_failed":["A valid URL was not provided."]},"error_data":[]}}
2026-08-23T08:07:50+00:00 INFO {"url":"https:\/\/woodmart-dummy.b-cdn.net\/woodmart2\/keyboards-elementor\/wp-content\/uploads\/sites\/71\/2026\/04\/kac-porudct-slide-4.jpg","data":{"errors":{"http_request_failed":["A valid URL was not provided."]},"error_data":[]}}
2026-08-23T08:07:50+00:00 INFO {"url":"https:\/\/woodmart-dummy.b-cdn.net\/woodmart2\/keyboards-elementor\/wp-content\/uploads\/sites\/71\/2026\/04\/kac-porudct-slide-4.jpg","data":{"errors":{"http_request_failed":["A valid URL was not provided."]},"error_data":[]}}
2026-08-23T08:07:50+00:00 INFO {"url":"https:\/\/woodmart-dummy.b-cdn.net\/woodmart2\/keyboards-elementor\/wp-content\/uploads\/sites\/71\/2026\/04\/kac-porudct-slide-5.jpg","data":{"errors":{"http_request_failed":["A valid URL was not provided."]},"error_data":[]}}
2026-08-23T08:07:50+00:00 INFO {"url":"https:\/\/woodmart-dummy.b-cdn.net\/woodmart2\/keyboards-elementor\/wp-content\/uploads\/sites\/71\/2026\/04\/kac-porudct-slide-5.jpg","data":{"errors":{"http_request_failed":["A valid URL was not provided."]},"error_data":[]}}
2026-08-23T08:07:50+00:00 INFO {"url":"https:\/\/woodmart-dummy.b-cdn.net\/woodmart2\/keyboards-elementor\/wp-content\/uploads\/sites\/71\/2026\/04\/kac-porudct-slide-5.jpg","data":{"errors":{"http_request_failed":["A valid URL was not provided."]},"error_data":[]}}
2026-08-23T08:07:50+00:00 INFO {"url":"https:\/\/woodmart-dummy.b-cdn.net\/woodmart2\/keyboards-elementor\/wp-content\/uploads\/sites\/71\/2026\/04\/kac-porudct-slide-6.jpg","data":{"errors":{"http_request_failed":["A valid URL was not provided."]},"error_data":[]}}
2026-08-23T08:07:50+00:00 INFO {"url":"https:\/\/woodmart-dummy.b-cdn.net\/woodmart2\/keyboards-elementor\/wp-content\/uploads\/sites\/71\/2026\/04\/kac-porudct-slide-6.jpg","data":{"errors":{"http_request_failed":["A valid URL was not provided."]},"error_data":[]}}
2026-08-23T08:07:50+00:00 INFO {"url":"https:\/\/woodmart-dummy.b-cdn.net\/woodmart2\/keyboards-elementor\/wp-content\/uploads\/sites\/71\/2026\/04\/kac-porudct-slide-6.jpg","data":{"errors":{"http_request_failed":["A valid URL was not provided."]},"error_data":[]}}
2026-08-23T08:07:50+00:00 INFO {"url":"https:\/\/woodmart-dummy.b-cdn.net\/woodmart2\/keyboards-elementor\/wp-content\/uploads\/sites\/71\/2026\/04\/9-2-opt.mp4","data":{"errors":{"http_request_failed":["A valid URL was not provided."]},"error_data":[]}}
2026-08-23T08:07:50+00:00 INFO {"url":"https:\/\/woodmart-dummy.b-cdn.net\/woodmart2\/keyboards-elementor\/wp-content\/uploads\/sites\/71\/2026\/04\/9-2-opt.mp4","data":{"errors":{"http_request_failed":["A valid URL was not provided."]},"error_data":[]}}
2026-08-23T08:07:50+00:00 INFO {"url":"https:\/\/woodmart-dummy.b-cdn.net\/woodmart2\/keyboards-elementor\/wp-content\/uploads\/sites\/71\/2026\/04\/9-2-opt.mp4","data":{"errors":{"http_request_failed":["A valid URL was not provided."]},"error_data":[]}}
2026-08-23T08:07:50+00:00 INFO {"url":"https:\/\/woodmart-dummy.b-cdn.net\/woodmart2\/keyboards-elementor\/wp-content\/uploads\/sites\/71\/2026\/04\/kac-porudct-overview-air75-l.jpg","data":{"errors":{"http_request_failed":["A valid URL was not provided."]},"error_data":[]}}
2026-08-23T08:07:50+00:00 INFO {"url":"https:\/\/woodmart-dummy.b-cdn.net\/woodmart2\/keyboards-elementor\/wp-content\/uploads\/sites\/71\/2026\/04\/kac-porudct-overview-air75-l.jpg","data":{"errors":{"http_request_failed":["A valid URL was not provided."]},"error_data":[]}}
2026-08-23T08:07:50+00:00 INFO {"url":"https:\/\/woodmart-dummy.b-cdn.net\/woodmart2\/keyboards-elementor\/wp-content\/uploads\/sites\/71\/2026\/04\/kac-porudct-overview-air75-l.jpg","data":{"errors":{"http_request_failed":["A valid URL was not provided."]},"error_data":[]}}
2026-08-23T08:07:50+00:00 INFO {"url":"https:\/\/woodmart-dummy.b-cdn.net\/woodmart2\/keyboards-elementor\/wp-content\/uploads\/sites\/71\/2026\/04\/6-opt.mp4","data":{"errors":{"http_request_failed":["A valid URL was not provided."]},"error_data":[]}}
2026-08-23T08:07:50+00:00 INFO {"url":"https:\/\/woodmart-dummy.b-cdn.net\/woodmart2\/keyboards-elementor\/wp-content\/uploads\/sites\/71\/2026\/04\/6-opt.mp4","data":{"errors":{"http_request_failed":["A valid URL was not provided."]},"error_data":[]}}
2026-08-23T08:07:50+00:00 INFO {"url":"https:\/\/woodmart-dummy.b-cdn.net\/woodmart2\/keyboards-elementor\/wp-content\/uploads\/sites\/71\/2026\/04\/6-opt.mp4","data":{"errors":{"http_request_failed":["A valid URL was not provided."]},"error_data":[]}}
2026-08-23T08:07:50+00:00 INFO {"url":"https:\/\/woodmart-dummy.b-cdn.net\/woodmart2\/keyboards-elementor\/wp-content\/uploads\/sites\/71\/2026\/04\/3-opt.mp4","data":{"errors":{"http_request_failed":["A valid URL was not provided."]},"error_data":[]}}
2026-08-23T08:07:50+00:00 INFO {"url":"https:\/\/woodmart-dummy.b-cdn.net\/woodmart2\/keyboards-elementor\/wp-content\/uploads\/sites\/71\/2026\/04\/3-opt.mp4","data":{"errors":{"http_request_failed":["A valid URL was not provided."]},"error_data":[]}}
2026-08-23T08:07:50+00:00 INFO {"url":"https:\/\/woodmart-dummy.b-cdn.net\/woodmart2\/keyboards-elementor\/wp-content\/uploads\/sites\/71\/2026\/04\/3-opt.mp4","data":{"errors":{"http_request_failed":["A valid URL was not provided."]},"error_data":[]}}
2026-08-23T08:07:50+00:00 INFO {"url":"https:\/\/woodmart-dummy.b-cdn.net\/woodmart2\/keyboards-elementor\/wp-content\/uploads\/sites\/71\/2026\/04\/7-opt.mp4","data":{"errors":{"http_request_failed":["A valid URL was not provided."]},"error_data":[]}}
2026-08-23T08:07:50+00:00 INFO {"url":"https:\/\/woodmart-dummy.b-cdn.net\/woodmart2\/keyboards-elementor\/wp-content\/uploads\/sites\/71\/2026\/04\/7-opt.mp4","data":{"errors":{"http_request_failed":["A valid URL was not provided."]},"error_data":[]}}
2026-08-23T08:07:50+00:00 INFO {"url":"https:\/\/woodmart-dummy.b-cdn.net\/woodmart2\/keyboards-elementor\/wp-content\/uploads\/sites\/71\/2026\/04\/7-opt.mp4","data":{"errors":{"http_request_failed":["A valid URL was not provided."]},"error_data":[]}}
2026-08-23T08:07:50+00:00 INFO {"url":"https:\/\/woodmart-dummy.b-cdn.net\/woodmart2\/keyboards-elementor\/wp-content\/uploads\/sites\/71\/2026\/04\/4-opt.mp4","data":{"errors":{"http_request_failed":["A valid URL was not provided."]},"error_data":[]}}
2026-08-23T08:07:50+00:00 INFO {"url":"https:\/\/woodmart-dummy.b-cdn.net\/woodmart2\/keyboards-elementor\/wp-content\/uploads\/sites\/71\/2026\/04\/4-opt.mp4","data":{"errors":{"http_request_failed":["A valid URL was not provided."]},"error_data":[]}}
2026-08-23T08:07:50+00:00 INFO {"url":"https:\/\/woodmart-dummy.b-cdn.net\/woodmart2\/keyboards-elementor\/wp-content\/uploads\/sites\/71\/2026\/04\/4-opt.mp4","data":{"errors":{"http_request_failed":["A valid URL was not provided."]},"error_data":[]}}
2026-08-23T08:07:50+00:00 INFO {"url":"https:\/\/woodmart-dummy.b-cdn.net\/woodmart2\/keyboards-elementor\/wp-content\/uploads\/sites\/71\/2026\/05\/kac-marquee-rd-keycap-opt.gif","data":{"errors":{"http_request_failed":["A valid URL was not provided."]},"error_data":[]}}
2026-08-23T08:07:50+00:00 INFO {"url":"https:\/\/woodmart-dummy.b-cdn.net\/woodmart2\/keyboards-elementor\/wp-content\/uploads\/sites\/71\/2026\/05\/kac-marquee-rd-keycap-opt.gif","data":{"errors":{"http_request_failed":["A valid URL was not provided."]},"error_data":[]}}
2026-08-23T08:07:50+00:00 INFO {"url":"https:\/\/woodmart-dummy.b-cdn.net\/woodmart2\/keyboards-elementor\/wp-content\/uploads\/sites\/71\/2026\/05\/kac-marquee-rd-keycap-opt.gif","data":{"errors":{"http_request_failed":["A valid URL was not provided."]},"error_data":[]}}
2026-08-23T08:07:50+00:00 INFO {"url":"https:\/\/woodmart-dummy.b-cdn.net\/woodmart2\/keyboards-elementor\/wp-content\/uploads\/sites\/71\/2026\/05\/kac-marquee-rd-switch-opt.gif","data":{"errors":{"http_request_failed":["A valid URL was not provided."]},"error_data":[]}}
2026-08-23T08:07:50+00:00 INFO {"url":"https:\/\/woodmart-dummy.b-cdn.net\/woodmart2\/keyboards-elementor\/wp-content\/uploads\/sites\/71\/2026\/05\/kac-marquee-rd-switch-opt.gif","data":{"errors":{"http_request_failed":["A valid URL was not provided."]},"error_data":[]}}
2026-08-23T08:07:50+00:00 INFO {"url":"https:\/\/woodmart-dummy.b-cdn.net\/woodmart2\/keyboards-elementor\/wp-content\/uploads\/sites\/71\/2026\/05\/kac-marquee-rd-switch-opt.gif","data":{"errors":{"http_request_failed":["A valid URL was not provided."]},"error_data":[]}}
2026-08-23T08:07:50+00:00 INFO {"url":"https:\/\/woodmart-dummy.b-cdn.net\/woodmart2\/keyboards-elementor\/wp-content\/uploads\/sites\/71\/2026\/04\/6-new.mp4","data":{"errors":{"http_request_failed":["A valid URL was not provided."]},"error_data":[]}}
2026-08-23T08:07:50+00:00 INFO {"url":"https:\/\/woodmart-dummy.b-cdn.net\/woodmart2\/keyboards-elementor\/wp-content\/uploads\/sites\/71\/2026\/04\/6-new.mp4","data":{"errors":{"http_request_failed":["A valid URL was not provided."]},"error_data":[]}}
2026-08-23T08:07:50+00:00 INFO {"url":"https:\/\/woodmart-dummy.b-cdn.net\/woodmart2\/keyboards-elementor\/wp-content\/uploads\/sites\/71\/2026\/04\/6-new.mp4","data":{"errors":{"http_request_failed":["A valid URL was not provided."]},"error_data":[]}}
2026-08-23T08:07:50+00:00 INFO {"url":"https:\/\/woodmart-dummy.b-cdn.net\/woodmart2\/keyboards-elementor\/wp-content\/uploads\/sites\/71\/2026\/04\/wuque-titanium-switch-puller.jpeg","data":{"errors":{"http_request_failed":["A valid URL was not provided."]},"error_data":[]}}
2026-08-23T08:07:50+00:00 INFO {"url":"https:\/\/woodmart-dummy.b-cdn.net\/woodmart2\/keyboards-elementor\/wp-content\/uploads\/sites\/71\/2026\/04\/wuque-titanium-switch-puller.jpeg","data":{"errors":{"http_request_failed":["A valid URL was not provided."]},"error_data":[]}}
2026-08-23T08:07:50+00:00 INFO {"url":"https:\/\/woodmart-dummy.b-cdn.net\/woodmart2\/keyboards-elementor\/wp-content\/uploads\/sites\/71\/2026\/04\/wuque-titanium-switch-puller.jpeg","data":{"errors":{"http_request_failed":["A valid URL was not provided."]},"error_data":[]}}
2026-08-23T08:07:50+00:00 INFO {"url":"https:\/\/woodmart-dummy.b-cdn.net\/woodmart2\/keyboards-elementor\/wp-content\/uploads\/sites\/71\/2026\/04\/osume-sakura.jpeg","data":{"errors":{"http_request_failed":["A valid URL was not provided."]},"error_data":[]}}
2026-08-23T08:07:50+00:00 INFO {"url":"https:\/\/woodmart-dummy.b-cdn.net\/woodmart2\/keyboards-elementor\/wp-content\/uploads\/sites\/71\/2026\/04\/osume-sakura.jpeg","data":{"errors":{"http_request_failed":["A valid URL was not provided."]},"error_data":[]}}
2026-08-23T08:07:50+00:00 INFO {"url":"https:\/\/woodmart-dummy.b-cdn.net\/woodmart2\/keyboards-elementor\/wp-content\/uploads\/sites\/71\/2026\/04\/osume-sakura.jpeg","data":{"errors":{"http_request_failed":["A valid URL was not provided."]},"error_data":[]}}
2026-08-23T08:08:11+00:00 INFO {"url":"https:\/\/dummy.xtemos.com\/woodmart2\/keyboards-elementor\/wp-content\/uploads\/sites\/71\/2026\/04\/wuque-studio-keyno-y8.jpeg","data":{"errors":{"http_request_failed":["A valid URL was not provided."]},"error_data":[]}}
2026-08-23T08:08:11+00:00 INFO {"url":"https:\/\/dummy.xtemos.com\/woodmart2\/keyboards-elementor\/wp-content\/uploads\/sites\/71\/2026\/04\/wuque-studio-keyno-y8.jpeg","data":{"errors":{"http_request_failed":["A valid URL was not provided."]},"error_data":[]}}
2026-08-23T08:08:11+00:00 INFO {"url":"https:\/\/dummy.xtemos.com\/woodmart2\/keyboards-elementor\/wp-content\/uploads\/sites\/71\/2026\/04\/wuque-studio-keyno-y8.jpeg","data":{"errors":{"http_request_failed":["A valid URL was not provided."]},"error_data":[]}}
2026-08-23T08:08:11+00:00 INFO {"url":"https:\/\/woodmart-dummy.b-cdn.net\/woodmart2\/keyboards-elementor\/wp-content\/uploads\/sites\/71\/2026\/04\/mikit-cl80-lavanderry-purple.jpeg","data":{"errors":{"http_request_failed":["A valid URL was not provided."]},"error_data":[]}}
2026-08-23T08:08:11+00:00 INFO {"url":"https:\/\/woodmart-dummy.b-cdn.net\/woodmart2\/keyboards-elementor\/wp-content\/uploads\/sites\/71\/2026\/04\/mikit-cl80-lavanderry-purple.jpeg","data":{"errors":{"http_request_failed":["A valid URL was not provided."]},"error_data":[]}}
2026-08-23T08:08:11+00:00 INFO {"url":"https:\/\/woodmart-dummy.b-cdn.net\/woodmart2\/keyboards-elementor\/wp-content\/uploads\/sites\/71\/2026\/04\/mikit-cl80-lavanderry-purple.jpeg","data":{"errors":{"http_request_failed":["A valid URL was not provided."]},"error_data":[]}}
2026-08-23T08:08:11+00:00 INFO {"url":"https:\/\/woodmart-dummy.b-cdn.net\/woodmart2\/keyboards-elementor\/wp-content\/uploads\/sites\/71\/2026\/04\/nuphy-air75-v2.jpeg","data":{"errors":{"http_request_failed":["A valid URL was not provided."]},"error_data":[]}}
2026-08-23T08:08:11+00:00 INFO {"url":"https:\/\/woodmart-dummy.b-cdn.net\/woodmart2\/keyboards-elementor\/wp-content\/uploads\/sites\/71\/2026\/04\/nuphy-air75-v2.jpeg","data":{"errors":{"http_request_failed":["A valid URL was not provided."]},"error_data":[]}}
2026-08-23T08:08:11+00:00 INFO {"url":"https:\/\/woodmart-dummy.b-cdn.net\/woodmart2\/keyboards-elementor\/wp-content\/uploads\/sites\/71\/2026\/04\/nuphy-air75-v2.jpeg","data":{"errors":{"http_request_failed":["A valid URL was not provided."]},"error_data":[]}}
2026-08-23T08:08:11+00:00 INFO {"url":"https:\/\/woodmart-dummy.b-cdn.net\/woodmart2\/keyboards-elementor\/wp-content\/uploads\/sites\/71\/2026\/04\/kalam-unikorn-purple-pvd.jpeg","data":{"errors":{"http_request_failed":["A valid URL was not provided."]},"error_data":[]}}
2026-08-23T08:08:11+00:00 INFO {"url":"https:\/\/woodmart-dummy.b-cdn.net\/woodmart2\/keyboards-elementor\/wp-content\/uploads\/sites\/71\/2026\/04\/kalam-unikorn-purple-pvd.jpeg","data":{"errors":{"http_request_failed":["A valid URL was not provided."]},"error_data":[]}}
2026-08-23T08:08:11+00:00 INFO {"url":"https:\/\/woodmart-dummy.b-cdn.net\/woodmart2\/keyboards-elementor\/wp-content\/uploads\/sites\/71\/2026\/04\/kalam-unikorn-purple-pvd.jpeg","data":{"errors":{"http_request_failed":["A valid URL was not provided."]},"error_data":[]}}
2026-08-23T08:08:11+00:00 INFO {"url":"https:\/\/woodmart-dummy.b-cdn.net\/woodmart2\/keyboards-elementor\/wp-content\/uploads\/sites\/71\/2026\/04\/yunzii-pawcap.jpeg","data":{"errors":{"http_request_failed":["A valid URL was not provided."]},"error_data":[]}}
2026-08-23T08:08:11+00:00 INFO {"url":"https:\/\/woodmart-dummy.b-cdn.net\/woodmart2\/keyboards-elementor\/wp-content\/uploads\/sites\/71\/2026\/04\/yunzii-pawcap.jpeg","data":{"errors":{"http_request_failed":["A valid URL was not provided."]},"error_data":[]}}
2026-08-23T08:08:11+00:00 INFO {"url":"https:\/\/woodmart-dummy.b-cdn.net\/woodmart2\/keyboards-elementor\/wp-content\/uploads\/sites\/71\/2026\/04\/yunzii-pawcap.jpeg","data":{"errors":{"http_request_failed":["A valid URL was not provided."]},"error_data":[]}}
2026-08-23T08:08:11+00:00 INFO {"url":"https:\/\/woodmart-dummy.b-cdn.net\/woodmart2\/keyboards-elementor\/wp-content\/uploads\/sites\/71\/2026\/04\/melgeek-pixel-xmas.jpeg","data":{"errors":{"http_request_failed":["A valid URL was not provided."]},"error_data":[]}}
2026-08-23T08:08:11+00:00 INFO {"url":"https:\/\/woodmart-dummy.b-cdn.net\/woodmart2\/keyboards-elementor\/wp-content\/uploads\/sites\/71\/2026\/04\/melgeek-pixel-xmas.jpeg","data":{"errors":{"http_request_failed":["A valid URL was not provided."]},"error_data":[]}}
2026-08-23T08:08:11+00:00 INFO {"url":"https:\/\/woodmart-dummy.b-cdn.net\/woodmart2\/keyboards-elementor\/wp-content\/uploads\/sites\/71\/2026\/04\/melgeek-pixel-xmas.jpeg","data":{"errors":{"http_request_failed":["A valid URL was not provided."]},"error_data":[]}}
2026-08-23T08:08:11+00:00 INFO {"url":"https:\/\/woodmart-dummy.b-cdn.net\/woodmart2\/keyboards-elementor\/wp-content\/uploads\/sites\/71\/2026\/04\/xvx-skyline-r2.jpeg","data":{"errors":{"http_request_failed":["A valid URL was not provided."]},"error_data":[]}}
2026-08-23T08:08:11+00:00 INFO {"url":"https:\/\/woodmart-dummy.b-cdn.net\/woodmart2\/keyboards-elementor\/wp-content\/uploads\/sites\/71\/2026\/04\/xvx-skyline-r2.jpeg","data":{"errors":{"http_request_failed":["A valid URL was not provided."]},"error_data":[]}}
2026-08-23T08:08:11+00:00 INFO {"url":"https:\/\/woodmart-dummy.b-cdn.net\/woodmart2\/keyboards-elementor\/wp-content\/uploads\/sites\/71\/2026\/04\/xvx-skyline-r2.jpeg","data":{"errors":{"http_request_failed":["A valid URL was not provided."]},"error_data":[]}}
2026-08-23T08:08:11+00:00 INFO {"url":"https:\/\/woodmart-dummy.b-cdn.net\/woodmart2\/keyboards-elementor\/wp-content\/uploads\/sites\/71\/2026\/04\/xvx-sakura.jpeg","data":{"errors":{"http_request_failed":["A valid URL was not provided."]},"error_data":[]}}
2026-08-23T08:08:11+00:00 INFO {"url":"https:\/\/woodmart-dummy.b-cdn.net\/woodmart2\/keyboards-elementor\/wp-content\/uploads\/sites\/71\/2026\/04\/xvx-sakura.jpeg","data":{"errors":{"http_request_failed":["A valid URL was not provided."]},"error_data":[]}}
2026-08-23T08:08:11+00:00 INFO {"url":"https:\/\/woodmart-dummy.b-cdn.net\/woodmart2\/keyboards-elementor\/wp-content\/uploads\/sites\/71\/2026\/04\/xvx-sakura.jpeg","data":{"errors":{"http_request_failed":["A valid URL was not provided."]},"error_data":[]}}
2026-08-23T08:08:11+00:00 INFO {"url":"https:\/\/woodmart-dummy.b-cdn.net\/woodmart2\/keyboards-elementor\/wp-content\/uploads\/sites\/71\/2026\/04\/osume-zen-marshmallow.jpeg","data":{"errors":{"http_request_failed":["A valid URL was not provided."]},"error_data":[]}}
2026-08-23T08:08:11+00:00 INFO {"url":"https:\/\/woodmart-dummy.b-cdn.net\/woodmart2\/keyboards-elementor\/wp-content\/uploads\/sites\/71\/2026\/04\/osume-zen-marshmallow.jpeg","data":{"errors":{"http_request_failed":["A valid URL was not provided."]},"error_data":[]}}
2026-08-23T08:08:11+00:00 INFO {"url":"https:\/\/woodmart-dummy.b-cdn.net\/woodmart2\/keyboards-elementor\/wp-content\/uploads\/sites\/71\/2026\/04\/osume-zen-marshmallow.jpeg","data":{"errors":{"http_request_failed":["A valid URL was not provided."]},"error_data":[]}}
2026-08-23T08:08:11+00:00 INFO {"url":"https:\/\/woodmart-dummy.b-cdn.net\/woodmart2\/keyboards-elementor\/wp-content\/uploads\/sites\/71\/2026\/04\/gateron-melodic-clicky-switches.jpeg","data":{"errors":{"http_request_failed":["A valid URL was not provided."]},"error_data":[]}}
2026-08-23T08:08:11+00:00 INFO {"url":"https:\/\/woodmart-dummy.b-cdn.net\/woodmart2\/keyboards-elementor\/wp-content\/uploads\/sites\/71\/2026\/04\/gateron-melodic-clicky-switches.jpeg","data":{"errors":{"http_request_failed":["A valid URL was not provided."]},"error_data":[]}}
2026-08-23T08:08:11+00:00 INFO {"url":"https:\/\/woodmart-dummy.b-cdn.net\/woodmart2\/keyboards-elementor\/wp-content\/uploads\/sites\/71\/2026\/04\/gateron-melodic-clicky-switches.jpeg","data":{"errors":{"http_request_failed":["A valid URL was not provided."]},"error_data":[]}}
2026-08-23T08:08:11+00:00 INFO {"url":"https:\/\/woodmart-dummy.b-cdn.net\/woodmart2\/keyboards-elementor\/wp-content\/uploads\/sites\/71\/2026\/04\/kailh-box-jade-thick-clicky-switches.jpeg","data":{"errors":{"http_request_failed":["A valid URL was not provided."]},"error_data":[]}}
2026-08-23T08:08:11+00:00 INFO {"url":"https:\/\/woodmart-dummy.b-cdn.net\/woodmart2\/keyboards-elementor\/wp-content\/uploads\/sites\/71\/2026\/04\/kailh-box-jade-thick-clicky-switches.jpeg","data":{"errors":{"http_request_failed":["A valid URL was not provided."]},"error_data":[]}}
2026-08-23T08:08:11+00:00 INFO {"url":"https:\/\/woodmart-dummy.b-cdn.net\/woodmart2\/keyboards-elementor\/wp-content\/uploads\/sites\/71\/2026\/04\/kailh-box-jade-thick-clicky-switches.jpeg","data":{"errors":{"http_request_failed":["A valid URL was not provided."]},"error_data":[]}}
2026-08-23T08:08:11+00:00 INFO {"url":"https:\/\/woodmart-dummy.b-cdn.net\/woodmart2\/keyboards-elementor\/wp-content\/uploads\/sites\/71\/2026\/04\/kailh-box-v2-white-clicky-switches.jpeg","data":{"errors":{"http_request_failed":["A valid URL was not provided."]},"error_data":[]}}
2026-08-23T08:08:11+00:00 INFO {"url":"https:\/\/woodmart-dummy.b-cdn.net\/woodmart2\/keyboards-elementor\/wp-content\/uploads\/sites\/71\/2026\/04\/kailh-box-v2-white-clicky-switches.jpeg","data":{"errors":{"http_request_failed":["A valid URL was not provided."]},"error_data":[]}}
2026-08-23T08:08:11+00:00 INFO {"url":"https:\/\/woodmart-dummy.b-cdn.net\/woodmart2\/keyboards-elementor\/wp-content\/uploads\/sites\/71\/2026\/04\/kailh-box-v2-white-clicky-switches.jpeg","data":{"errors":{"http_request_failed":["A valid URL was not provided."]},"error_data":[]}}
2026-08-23T08:08:11+00:00 INFO {"url":"https:\/\/woodmart-dummy.b-cdn.net\/woodmart2\/keyboards-elementor\/wp-content\/uploads\/sites\/71\/2026\/04\/gateron-ks9-30-yellow-linear-switches.jpeg","data":{"errors":{"http_request_failed":["A valid URL was not provided."]},"error_data":[]}}
2026-08-23T08:08:11+00:00 INFO {"url":"https:\/\/woodmart-dummy.b-cdn.net\/woodmart2\/keyboards-elementor\/wp-content\/uploads\/sites\/71\/2026\/04\/gateron-ks9-30-yellow-linear-switches.jpeg","data":{"errors":{"http_request_failed":["A valid URL was not provided."]},"error_data":[]}}
2026-08-23T08:08:11+00:00 INFO {"url":"https:\/\/woodmart-dummy.b-cdn.net\/woodmart2\/keyboards-elementor\/wp-content\/uploads\/sites\/71\/2026\/04\/gateron-ks9-30-yellow-linear-switches.jpeg","data":{"errors":{"http_request_failed":["A valid URL was not provided."]},"error_data":[]}}
2026-08-23T08:08:11+00:00 INFO {"url":"https:\/\/woodmart-dummy.b-cdn.net\/woodmart2\/keyboards-elementor\/wp-content\/uploads\/sites\/71\/2026\/04\/wuque-ws-pom-linear-switches.jpeg","data":{"errors":{"http_request_failed":["A valid URL was not provided."]},"error_data":[]}}
2026-08-23T08:08:11+00:00 INFO {"url":"https:\/\/woodmart-dummy.b-cdn.net\/woodmart2\/keyboards-elementor\/wp-content\/uploads\/sites\/71\/2026\/04\/wuque-ws-pom-linear-switches.jpeg","data":{"errors":{"http_request_failed":["A valid URL was not provided."]},"error_data":[]}}
2026-08-23T08:08:11+00:00 INFO {"url":"https:\/\/woodmart-dummy.b-cdn.net\/woodmart2\/keyboards-elementor\/wp-content\/uploads\/sites\/71\/2026\/04\/wuque-ws-pom-linear-switches.jpeg","data":{"errors":{"http_request_failed":["A valid URL was not provided."]},"error_data":[]}}
2026-08-23T08:08:11+00:00 INFO {"url":"https:\/\/woodmart-dummy.b-cdn.net\/woodmart2\/keyboards-elementor\/wp-content\/uploads\/sites\/71\/2026\/04\/durock-shrimp-silent-tactile-switches.jpeg","data":{"errors":{"http_request_failed":["A valid URL was not provided."]},"error_data":[]}}
2026-08-23T08:08:11+00:00 INFO {"url":"https:\/\/woodmart-dummy.b-cdn.net\/woodmart2\/keyboards-elementor\/wp-content\/uploads\/sites\/71\/2026\/04\/durock-shrimp-silent-tactile-switches.jpeg","data":{"errors":{"http_request_failed":["A valid URL was not provided."]},"error_data":[]}}
2026-08-23T08:08:11+00:00 INFO {"url":"https:\/\/woodmart-dummy.b-cdn.net\/woodmart2\/keyboards-elementor\/wp-content\/uploads\/sites\/71\/2026\/04\/durock-shrimp-silent-tactile-switches.jpeg","data":{"errors":{"http_request_failed":["A valid URL was not provided."]},"error_data":[]}}
2026-08-23T08:08:11+00:00 INFO {"url":"https:\/\/woodmart-dummy.b-cdn.net\/woodmart2\/keyboards-elementor\/wp-content\/uploads\/sites\/71\/2026\/04\/glorious-glube-lubricant.jpeg","data":{"errors":{"http_request_failed":["A valid URL was not provided."]},"error_data":[]}}
2026-08-23T08:08:11+00:00 INFO {"url":"https:\/\/woodmart-dummy.b-cdn.net\/woodmart2\/keyboards-elementor\/wp-content\/uploads\/sites\/71\/2026\/04\/glorious-glube-lubricant.jpeg","data":{"errors":{"http_request_failed":["A valid URL was not provided."]},"error_data":[]}}
2026-08-23T08:08:11+00:00 INFO {"url":"https:\/\/woodmart-dummy.b-cdn.net\/woodmart2\/keyboards-elementor\/wp-content\/uploads\/sites\/71\/2026\/04\/glorious-glube-lubricant.jpeg","data":{"errors":{"http_request_failed":["A valid URL was not provided."]},"error_data":[]}}
2026-08-23T08:08:11+00:00 INFO {"url":"https:\/\/woodmart-dummy.b-cdn.net\/woodmart2\/keyboards-elementor\/wp-content\/uploads\/sites\/71\/2026\/04\/osume-dalgona-cable.jpeg","data":{"errors":{"http_request_failed":["A valid URL was not provided."]},"error_data":[]}}
2026-08-23T08:08:11+00:00 INFO {"url":"https:\/\/woodmart-dummy.b-cdn.net\/woodmart2\/keyboards-elementor\/wp-content\/uploads\/sites\/71\/2026\/04\/osume-dalgona-cable.jpeg","data":{"errors":{"http_request_failed":["A valid URL was not provided."]},"error_data":[]}}
2026-08-23T08:08:11+00:00 INFO {"url":"https:\/\/woodmart-dummy.b-cdn.net\/woodmart2\/keyboards-elementor\/wp-content\/uploads\/sites\/71\/2026\/04\/osume-dalgona-cable.jpeg","data":{"errors":{"http_request_failed":["A valid URL was not provided."]},"error_data":[]}}
2026-08-23T08:08:11+00:00 INFO {"url":"https:\/\/woodmart-dummy.b-cdn.net\/woodmart2\/keyboards-elementor\/wp-content\/uploads\/sites\/71\/2026\/04\/glorious-coiled-keyboard-cable.jpeg","data":{"errors":{"http_request_failed":["A valid URL was not provided."]},"error_data":[]}}
2026-08-23T08:08:11+00:00 INFO {"url":"https:\/\/woodmart-dummy.b-cdn.net\/woodmart2\/keyboards-elementor\/wp-content\/uploads\/sites\/71\/2026\/04\/glorious-coiled-keyboard-cable.jpeg","data":{"errors":{"http_request_failed":["A valid URL was not provided."]},"error_data":[]}}
2026-08-23T08:08:11+00:00 INFO {"url":"https:\/\/woodmart-dummy.b-cdn.net\/woodmart2\/keyboards-elementor\/wp-content\/uploads\/sites\/71\/2026\/04\/glorious-coiled-keyboard-cable.jpeg","data":{"errors":{"http_request_failed":["A valid URL was not provided."]},"error_data":[]}}
2026-08-23T08:08:11+00:00 INFO {"url":"https:\/\/woodmart-dummy.b-cdn.net\/woodmart2\/keyboards-elementor\/wp-content\/uploads\/sites\/71\/2026\/04\/krytox-gpl-205g0.jpeg","data":{"errors":{"http_request_failed":["A valid URL was not provided."]},"error_data":[]}}
2026-08-23T08:08:11+00:00 INFO {"url":"https:\/\/woodmart-dummy.b-cdn.net\/woodmart2\/keyboards-elementor\/wp-content\/uploads\/sites\/71\/2026\/04\/krytox-gpl-205g0.jpeg","data":{"errors":{"http_request_failed":["A valid URL was not provided."]},"error_data":[]}}
2026-08-23T08:08:11+00:00 INFO {"url":"https:\/\/woodmart-dummy.b-cdn.net\/woodmart2\/keyboards-elementor\/wp-content\/uploads\/sites\/71\/2026\/04\/krytox-gpl-205g0.jpeg","data":{"errors":{"http_request_failed":["A valid URL was not provided."]},"error_data":[]}}
2026-08-23T08:08:11+00:00 INFO {"url":"https:\/\/woodmart-dummy.b-cdn.net\/woodmart2\/keyboards-elementor\/wp-content\/uploads\/sites\/71\/2026\/04\/knda-product-accessories-14-0.jpg","data":{"errors":{"http_request_failed":["A valid URL was not provided."]},"error_data":[]}}
2026-08-23T08:08:12+00:00 INFO {"url":"https:\/\/woodmart-dummy.b-cdn.net\/woodmart2\/keyboards-elementor\/wp-content\/uploads\/sites\/71\/2026\/04\/knda-product-accessories-14-0.jpg","data":{"errors":{"http_request_failed":["A valid URL was not provided."]},"error_data":[]}}
2026-08-23T08:08:12+00:00 INFO {"url":"https:\/\/woodmart-dummy.b-cdn.net\/woodmart2\/keyboards-elementor\/wp-content\/uploads\/sites\/71\/2026\/04\/knda-product-accessories-14-0.jpg","data":{"errors":{"http_request_failed":["A valid URL was not provided."]},"error_data":[]}}
2026-08-23T08:08:12+00:00 INFO {"url":"https:\/\/woodmart-dummy.b-cdn.net\/woodmart2\/keyboards-elementor\/wp-content\/uploads\/sites\/71\/2026\/04\/nuphy-gem80.jpeg","data":{"errors":{"http_request_failed":["A valid URL was not provided."]},"error_data":[]}}
2026-08-23T08:08:12+00:00 INFO {"url":"https:\/\/woodmart-dummy.b-cdn.net\/woodmart2\/keyboards-elementor\/wp-content\/uploads\/sites\/71\/2026\/04\/nuphy-gem80.jpeg","data":{"errors":{"http_request_failed":["A valid URL was not provided."]},"error_data":[]}}
2026-08-23T08:08:12+00:00 INFO {"url":"https:\/\/woodmart-dummy.b-cdn.net\/woodmart2\/keyboards-elementor\/wp-content\/uploads\/sites\/71\/2026\/04\/nuphy-gem80.jpeg","data":{"errors":{"http_request_failed":["A valid URL was not provided."]},"error_data":[]}}
2026-08-23T08:08:12+00:00 INFO {"url":"https:\/\/woodmart-dummy.b-cdn.net\/woodmart2\/keyboards-elementor\/wp-content\/uploads\/sites\/71\/2026\/04\/xvx-retro-100-palette.jpeg","data":{"errors":{"http_request_failed":["A valid URL was not provided."]},"error_data":[]}}
2026-08-23T08:08:12+00:00 INFO {"url":"https:\/\/woodmart-dummy.b-cdn.net\/woodmart2\/keyboards-elementor\/wp-content\/uploads\/sites\/71\/2026\/04\/xvx-retro-100-palette.jpeg","data":{"errors":{"http_request_failed":["A valid URL was not provided."]},"error_data":[]}}
2026-08-23T08:08:12+00:00 INFO {"url":"https:\/\/woodmart-dummy.b-cdn.net\/woodmart2\/keyboards-elementor\/wp-content\/uploads\/sites\/71\/2026\/04\/xvx-retro-100-palette.jpeg","data":{"errors":{"http_request_failed":["A valid URL was not provided."]},"error_data":[]}}
2026-08-23T08:08:32+00:00 INFO {"url":"https:\/\/dummy.xtemos.com\/woodmart2\/keyboards-elementor\/wp-content\/uploads\/sites\/71\/2026\/04\/keychron-c2-wired-mechanical-keyboard.jpeg","data":{"errors":{"http_request_failed":["A valid URL was not provided."]},"error_data":[]}}
2026-08-23T08:08:32+00:00 INFO {"url":"https:\/\/dummy.xtemos.com\/woodmart2\/keyboards-elementor\/wp-content\/uploads\/sites\/71\/2026\/04\/keychron-c2-wired-mechanical-keyboard.jpeg","data":{"errors":{"http_request_failed":["A valid URL was not provided."]},"error_data":[]}}
2026-08-23T08:08:32+00:00 INFO {"url":"https:\/\/dummy.xtemos.com\/woodmart2\/keyboards-elementor\/wp-content\/uploads\/sites\/71\/2026\/04\/keychron-c2-wired-mechanical-keyboard.jpeg","data":{"errors":{"http_request_failed":["A valid URL was not provided."]},"error_data":[]}}
2026-08-23T08:08:32+00:00 INFO {"url":"https:\/\/woodmart-dummy.b-cdn.net\/woodmart2\/keyboards-elementor\/wp-content\/uploads\/sites\/71\/2026\/04\/keychron-k17-max-qmk-wireless.jpeg","data":{"errors":{"http_request_failed":["A valid URL was not provided."]},"error_data":[]}}
2026-08-23T08:08:32+00:00 INFO {"url":"https:\/\/woodmart-dummy.b-cdn.net\/woodmart2\/keyboards-elementor\/wp-content\/uploads\/sites\/71\/2026\/04\/keychron-k17-max-qmk-wireless.jpeg","data":{"errors":{"http_request_failed":["A valid URL was not provided."]},"error_data":[]}}
2026-08-23T08:08:32+00:00 INFO {"url":"https:\/\/woodmart-dummy.b-cdn.net\/woodmart2\/keyboards-elementor\/wp-content\/uploads\/sites\/71\/2026\/04\/keychron-k17-max-qmk-wireless.jpeg","data":{"errors":{"http_request_failed":["A valid URL was not provided."]},"error_data":[]}}
2026-08-23T08:08:32+00:00 INFO {"url":"https:\/\/woodmart-dummy.b-cdn.net\/woodmart2\/keyboards-elementor\/wp-content\/uploads\/sites\/71\/2026\/04\/lofree-block.jpeg","data":{"errors":{"http_request_failed":["A valid URL was not provided."]},"error_data":[]}}
2026-08-23T08:08:32+00:00 INFO {"url":"https:\/\/woodmart-dummy.b-cdn.net\/woodmart2\/keyboards-elementor\/wp-content\/uploads\/sites\/71\/2026\/04\/lofree-block.jpeg","data":{"errors":{"http_request_failed":["A valid URL was not provided."]},"error_data":[]}}
2026-08-23T08:08:32+00:00 INFO {"url":"https:\/\/woodmart-dummy.b-cdn.net\/woodmart2\/keyboards-elementor\/wp-content\/uploads\/sites\/71\/2026\/04\/lofree-block.jpeg","data":{"errors":{"http_request_failed":["A valid URL was not provided."]},"error_data":[]}}
2026-08-23T08:08:32+00:00 INFO {"url":"https:\/\/woodmart-dummy.b-cdn.net\/woodmart2\/keyboards-elementor\/wp-content\/uploads\/sites\/71\/2026\/04\/lofree-1-misty.jpeg","data":{"errors":{"http_request_failed":["A valid URL was not provided."]},"error_data":[]}}
2026-08-23T08:08:32+00:00 INFO {"url":"https:\/\/woodmart-dummy.b-cdn.net\/woodmart2\/keyboards-elementor\/wp-content\/uploads\/sites\/71\/2026\/04\/lofree-1-misty.jpeg","data":{"errors":{"http_request_failed":["A valid URL was not provided."]},"error_data":[]}}
2026-08-23T08:08:32+00:00 INFO {"url":"https:\/\/woodmart-dummy.b-cdn.net\/woodmart2\/keyboards-elementor\/wp-content\/uploads\/sites\/71\/2026\/04\/lofree-1-misty.jpeg","data":{"errors":{"http_request_failed":["A valid URL was not provided."]},"error_data":[]}}
2026-08-23T08:08:32+00:00 INFO {"url":"https:\/\/woodmart-dummy.b-cdn.net\/woodmart2\/keyboards-elementor\/wp-content\/uploads\/sites\/71\/2026\/04\/nuphy-air60.jpeg","data":{"errors":{"http_request_failed":["A valid URL was not provided."]},"error_data":[]}}
2026-08-23T08:08:32+00:00 INFO {"url":"https:\/\/woodmart-dummy.b-cdn.net\/woodmart2\/keyboards-elementor\/wp-content\/uploads\/sites\/71\/2026\/04\/nuphy-air60.jpeg","data":{"errors":{"http_request_failed":["A valid URL was not provided."]},"error_data":[]}}
2026-08-23T08:08:32+00:00 INFO {"url":"https:\/\/woodmart-dummy.b-cdn.net\/woodmart2\/keyboards-elementor\/wp-content\/uploads\/sites\/71\/2026\/04\/nuphy-air60.jpeg","data":{"errors":{"http_request_failed":["A valid URL was not provided."]},"error_data":[]}}
2026-08-23T08:08:32+00:00 INFO {"url":"https:\/\/woodmart-dummy.b-cdn.net\/woodmart2\/keyboards-elementor\/wp-content\/uploads\/sites\/71\/2026\/04\/xvx-gradient-xaxis-series.jpeg","data":{"errors":{"http_request_failed":["A valid URL was not provided."]},"error_data":[]}}
2026-08-23T08:08:32+00:00 INFO {"url":"https:\/\/woodmart-dummy.b-cdn.net\/woodmart2\/keyboards-elementor\/wp-content\/uploads\/sites\/71\/2026\/04\/xvx-gradient-xaxis-series.jpeg","data":{"errors":{"http_request_failed":["A valid URL was not provided."]},"error_data":[]}}
2026-08-23T08:08:32+00:00 INFO {"url":"https:\/\/woodmart-dummy.b-cdn.net\/woodmart2\/keyboards-elementor\/wp-content\/uploads\/sites\/71\/2026\/04\/xvx-gradient-xaxis-series.jpeg","data":{"errors":{"http_request_failed":["A valid URL was not provided."]},"error_data":[]}}
2026-08-23T08:08:32+00:00 INFO {"url":"https:\/\/woodmart-dummy.b-cdn.net\/woodmart2\/keyboards-elementor\/wp-content\/uploads\/sites\/71\/2026\/04\/melgeek-horseman.jpeg","data":{"errors":{"http_request_failed":["A valid URL was not provided."]},"error_data":[]}}
2026-08-23T08:08:32+00:00 INFO {"url":"https:\/\/woodmart-dummy.b-cdn.net\/woodmart2\/keyboards-elementor\/wp-content\/uploads\/sites\/71\/2026\/04\/melgeek-horseman.jpeg","data":{"errors":{"http_request_failed":["A valid URL was not provided."]},"error_data":[]}}
2026-08-23T08:08:32+00:00 INFO {"url":"https:\/\/woodmart-dummy.b-cdn.net\/woodmart2\/keyboards-elementor\/wp-content\/uploads\/sites\/71\/2026\/04\/melgeek-horseman.jpeg","data":{"errors":{"http_request_failed":["A valid URL was not provided."]},"error_data":[]}}
2026-08-23T08:08:32+00:00 INFO {"url":"https:\/\/woodmart-dummy.b-cdn.net\/woodmart2\/keyboards-elementor\/wp-content\/uploads\/sites\/71\/2026\/04\/melgeek-label.jpeg","data":{"errors":{"http_request_failed":["A valid URL was not provided."]},"error_data":[]}}
2026-08-23T08:08:32+00:00 INFO {"url":"https:\/\/woodmart-dummy.b-cdn.net\/woodmart2\/keyboards-elementor\/wp-content\/uploads\/sites\/71\/2026\/04\/melgeek-label.jpeg","data":{"errors":{"http_request_failed":["A valid URL was not provided."]},"error_data":[]}}
2026-08-23T08:08:32+00:00 INFO {"url":"https:\/\/woodmart-dummy.b-cdn.net\/woodmart2\/keyboards-elementor\/wp-content\/uploads\/sites\/71\/2026\/04\/melgeek-label.jpeg","data":{"errors":{"http_request_failed":["A valid URL was not provided."]},"error_data":[]}}
2026-08-23T08:08:32+00:00 INFO {"url":"https:\/\/woodmart-dummy.b-cdn.net\/woodmart2\/keyboards-elementor\/wp-content\/uploads\/sites\/71\/2026\/04\/melgeek-pixel-16bit.jpeg","data":{"errors":{"http_request_failed":["A valid URL was not provided."]},"error_data":[]}}
2026-08-23T08:08:32+00:00 INFO {"url":"https:\/\/woodmart-dummy.b-cdn.net\/woodmart2\/keyboards-elementor\/wp-content\/uploads\/sites\/71\/2026\/04\/melgeek-pixel-16bit.jpeg","data":{"errors":{"http_request_failed":["A valid URL was not provided."]},"error_data":[]}}
2026-08-23T08:08:32+00:00 INFO {"url":"https:\/\/woodmart-dummy.b-cdn.net\/woodmart2\/keyboards-elementor\/wp-content\/uploads\/sites\/71\/2026\/04\/melgeek-pixel-16bit.jpeg","data":{"errors":{"http_request_failed":["A valid URL was not provided."]},"error_data":[]}}
2026-08-23T08:08:32+00:00 INFO {"url":"https:\/\/woodmart-dummy.b-cdn.net\/woodmart2\/keyboards-elementor\/wp-content\/uploads\/sites\/71\/2026\/04\/hmx-yg-macchiato-linear-switches.jpeg","data":{"errors":{"http_request_failed":["A valid URL was not provided."]},"error_data":[]}}
2026-08-23T08:08:32+00:00 INFO {"url":"https:\/\/woodmart-dummy.b-cdn.net\/woodmart2\/keyboards-elementor\/wp-content\/uploads\/sites\/71\/2026\/04\/hmx-yg-macchiato-linear-switches.jpeg","data":{"errors":{"http_request_failed":["A valid URL was not provided."]},"error_data":[]}}
2026-08-23T08:08:32+00:00 INFO {"url":"https:\/\/woodmart-dummy.b-cdn.net\/woodmart2\/keyboards-elementor\/wp-content\/uploads\/sites\/71\/2026\/04\/hmx-yg-macchiato-linear-switches.jpeg","data":{"errors":{"http_request_failed":["A valid URL was not provided."]},"error_data":[]}}
2026-08-23T08:08:32+00:00 INFO {"url":"https:\/\/woodmart-dummy.b-cdn.net\/woodmart2\/keyboards-elementor\/wp-content\/uploads\/sites\/71\/2026\/04\/akko-v3-matcha-green-pro-linear-switches.jpeg","data":{"errors":{"http_request_failed":["A valid URL was not provided."]},"error_data":[]}}
2026-08-23T08:08:32+00:00 INFO {"url":"https:\/\/woodmart-dummy.b-cdn.net\/woodmart2\/keyboards-elementor\/wp-content\/uploads\/sites\/71\/2026\/04\/akko-v3-matcha-green-pro-linear-switches.jpeg","data":{"errors":{"http_request_failed":["A valid URL was not provided."]},"error_data":[]}}
2026-08-23T08:08:32+00:00 INFO {"url":"https:\/\/woodmart-dummy.b-cdn.net\/woodmart2\/keyboards-elementor\/wp-content\/uploads\/sites\/71\/2026\/04\/akko-v3-matcha-green-pro-linear-switches.jpeg","data":{"errors":{"http_request_failed":["A valid URL was not provided."]},"error_data":[]}}
2026-08-23T08:08:32+00:00 INFO {"url":"https:\/\/woodmart-dummy.b-cdn.net\/woodmart2\/keyboards-elementor\/wp-content\/uploads\/sites\/71\/2026\/04\/wuque-ws-silent-tactile-switches.jpeg","data":{"errors":{"http_request_failed":["A valid URL was not provided."]},"error_data":[]}}
2026-08-23T08:08:32+00:00 INFO {"url":"https:\/\/woodmart-dummy.b-cdn.net\/woodmart2\/keyboards-elementor\/wp-content\/uploads\/sites\/71\/2026\/04\/wuque-ws-silent-tactile-switches.jpeg","data":{"errors":{"http_request_failed":["A valid URL was not provided."]},"error_data":[]}}
2026-08-23T08:08:32+00:00 INFO {"url":"https:\/\/woodmart-dummy.b-cdn.net\/woodmart2\/keyboards-elementor\/wp-content\/uploads\/sites\/71\/2026\/04\/wuque-ws-silent-tactile-switches.jpeg","data":{"errors":{"http_request_failed":["A valid URL was not provided."]},"error_data":[]}}
2026-08-23T08:08:32+00:00 INFO {"url":"https:\/\/woodmart-dummy.b-cdn.net\/woodmart2\/keyboards-elementor\/wp-content\/uploads\/sites\/71\/2026\/04\/gateron-ef-grayish-tactile-switches.jpeg","data":{"errors":{"http_request_failed":["A valid URL was not provided."]},"error_data":[]}}
2026-08-23T08:08:32+00:00 INFO {"url":"https:\/\/woodmart-dummy.b-cdn.net\/woodmart2\/keyboards-elementor\/wp-content\/uploads\/sites\/71\/2026\/04\/gateron-ef-grayish-tactile-switches.jpeg","data":{"errors":{"http_request_failed":["A valid URL was not provided."]},"error_data":[]}}
2026-08-23T08:08:32+00:00 INFO {"url":"https:\/\/woodmart-dummy.b-cdn.net\/woodmart2\/keyboards-elementor\/wp-content\/uploads\/sites\/71\/2026\/04\/gateron-ef-grayish-tactile-switches.jpeg","data":{"errors":{"http_request_failed":["A valid URL was not provided."]},"error_data":[]}}
2026-08-23T08:08:32+00:00 INFO {"url":"https:\/\/woodmart-dummy.b-cdn.net\/woodmart2\/keyboards-elementor\/wp-content\/uploads\/sites\/71\/2026\/04\/haimu-x-geon-hg-yellow-silent-tactile-switches.jpeg","data":{"errors":{"http_request_failed":["A valid URL was not provided."]},"error_data":[]}}
2026-08-23T08:08:32+00:00 INFO {"url":"https:\/\/woodmart-dummy.b-cdn.net\/woodmart2\/keyboards-elementor\/wp-content\/uploads\/sites\/71\/2026\/04\/haimu-x-geon-hg-yellow-silent-tactile-switches.jpeg","data":{"errors":{"http_request_failed":["A valid URL was not provided."]},"error_data":[]}}
2026-08-23T08:08:32+00:00 INFO {"url":"https:\/\/woodmart-dummy.b-cdn.net\/woodmart2\/keyboards-elementor\/wp-content\/uploads\/sites\/71\/2026\/04\/haimu-x-geon-hg-yellow-silent-tactile-switches.jpeg","data":{"errors":{"http_request_failed":["A valid URL was not provided."]},"error_data":[]}}
2026-08-23T08:08:32+00:00 INFO {"url":"https:\/\/woodmart-dummy.b-cdn.net\/woodmart2\/keyboards-elementor\/wp-content\/uploads\/sites\/71\/2026\/04\/haimu-x-geon-hg-red-silent-linear-switches.jpeg","data":{"errors":{"http_request_failed":["A valid URL was not provided."]},"error_data":[]}}
2026-08-23T08:08:32+00:00 INFO {"url":"https:\/\/woodmart-dummy.b-cdn.net\/woodmart2\/keyboards-elementor\/wp-content\/uploads\/sites\/71\/2026\/04\/haimu-x-geon-hg-red-silent-linear-switches.jpeg","data":{"errors":{"http_request_failed":["A valid URL was not provided."]},"error_data":[]}}
2026-08-23T08:08:32+00:00 INFO {"url":"https:\/\/woodmart-dummy.b-cdn.net\/woodmart2\/keyboards-elementor\/wp-content\/uploads\/sites\/71\/2026\/04\/haimu-x-geon-hg-red-silent-linear-switches.jpeg","data":{"errors":{"http_request_failed":["A valid URL was not provided."]},"error_data":[]}}
2026-08-23T08:08:32+00:00 INFO {"url":"https:\/\/woodmart-dummy.b-cdn.net\/woodmart2\/keyboards-elementor\/wp-content\/uploads\/sites\/71\/2026\/04\/durock-v3-stabilizers-screwin.jpeg","data":{"errors":{"http_request_failed":["A valid URL was not provided."]},"error_data":[]}}
2026-08-23T08:08:32+00:00 INFO {"url":"https:\/\/woodmart-dummy.b-cdn.net\/woodmart2\/keyboards-elementor\/wp-content\/uploads\/sites\/71\/2026\/04\/durock-v3-stabilizers-screwin.jpeg","data":{"errors":{"http_request_failed":["A valid URL was not provided."]},"error_data":[]}}
2026-08-23T08:08:32+00:00 INFO {"url":"https:\/\/woodmart-dummy.b-cdn.net\/woodmart2\/keyboards-elementor\/wp-content\/uploads\/sites\/71\/2026\/04\/durock-v3-stabilizers-screwin.jpeg","data":{"errors":{"http_request_failed":["A valid URL was not provided."]},"error_data":[]}}
2026-08-23T08:08:32+00:00 INFO {"url":"https:\/\/woodmart-dummy.b-cdn.net\/woodmart2\/keyboards-elementor\/wp-content\/uploads\/sites\/71\/2026\/04\/nuphy-everest.jpeg","data":{"errors":{"http_request_failed":["A valid URL was not provided."]},"error_data":[]}}
2026-08-23T08:08:32+00:00 INFO {"url":"https:\/\/woodmart-dummy.b-cdn.net\/woodmart2\/keyboards-elementor\/wp-content\/uploads\/sites\/71\/2026\/04\/nuphy-everest.jpeg","data":{"errors":{"http_request_failed":["A valid URL was not provided."]},"error_data":[]}}
2026-08-23T08:08:32+00:00 INFO {"url":"https:\/\/woodmart-dummy.b-cdn.net\/woodmart2\/keyboards-elementor\/wp-content\/uploads\/sites\/71\/2026\/04\/nuphy-everest.jpeg","data":{"errors":{"http_request_failed":["A valid URL was not provided."]},"error_data":[]}}
2026-08-23T08:08:32+00:00 INFO {"url":"https:\/\/woodmart-dummy.b-cdn.net\/woodmart2\/keyboards-elementor\/wp-content\/uploads\/sites\/71\/2026\/04\/4prong-switch-stem-holder.jpeg","data":{"errors":{"http_request_failed":["A valid URL was not provided."]},"error_data":[]}}
2026-08-23T08:08:32+00:00 INFO {"url":"https:\/\/woodmart-dummy.b-cdn.net\/woodmart2\/keyboards-elementor\/wp-content\/uploads\/sites\/71\/2026\/04\/4prong-switch-stem-holder.jpeg","data":{"errors":{"http_request_failed":["A valid URL was not provided."]},"error_data":[]}}
2026-08-23T08:08:32+00:00 INFO {"url":"https:\/\/woodmart-dummy.b-cdn.net\/woodmart2\/keyboards-elementor\/wp-content\/uploads\/sites\/71\/2026\/04\/4prong-switch-stem-holder.jpeg","data":{"errors":{"http_request_failed":["A valid URL was not provided."]},"error_data":[]}}
2026-08-23T08:08:32+00:00 INFO {"url":"https:\/\/woodmart-dummy.b-cdn.net\/woodmart2\/keyboards-elementor\/wp-content\/uploads\/sites\/71\/2026\/04\/aeboards-staebies-v21-stabilizers.jpeg","data":{"errors":{"http_request_failed":["A valid URL was not provided."]},"error_data":[]}}
2026-08-23T08:08:32+00:00 INFO {"url":"https:\/\/woodmart-dummy.b-cdn.net\/woodmart2\/keyboards-elementor\/wp-content\/uploads\/sites\/71\/2026\/04\/aeboards-staebies-v21-stabilizers.jpeg","data":{"errors":{"http_request_failed":["A valid URL was not provided."]},"error_data":[]}}
2026-08-23T08:08:32+00:00 INFO {"url":"https:\/\/woodmart-dummy.b-cdn.net\/woodmart2\/keyboards-elementor\/wp-content\/uploads\/sites\/71\/2026\/04\/aeboards-staebies-v21-stabilizers.jpeg","data":{"errors":{"http_request_failed":["A valid URL was not provided."]},"error_data":[]}}
2026-08-23T08:08:32+00:00 INFO {"url":"https:\/\/woodmart-dummy.b-cdn.net\/woodmart2\/keyboards-elementor\/wp-content\/uploads\/sites\/71\/2026\/04\/tx-switch-puller.jpeg","data":{"errors":{"http_request_failed":["A valid URL was not provided."]},"error_data":[]}}
2026-08-23T08:08:32+00:00 INFO {"url":"https:\/\/woodmart-dummy.b-cdn.net\/woodmart2\/keyboards-elementor\/wp-content\/uploads\/sites\/71\/2026\/04\/tx-switch-puller.jpeg","data":{"errors":{"http_request_failed":["A valid URL was not provided."]},"error_data":[]}}
2026-08-23T08:08:32+00:00 INFO {"url":"https:\/\/woodmart-dummy.b-cdn.net\/woodmart2\/keyboards-elementor\/wp-content\/uploads\/sites\/71\/2026\/04\/tx-switch-puller.jpeg","data":{"errors":{"http_request_failed":["A valid URL was not provided."]},"error_data":[]}}
2026-08-23T08:08:32+00:00 INFO {"url":"https:\/\/woodmart-dummy.b-cdn.net\/woodmart2\/keyboards-elementor\/wp-content\/uploads\/sites\/71\/2026\/04\/akko-cinnamoroll-star-5108b-plus.jpeg","data":{"errors":{"http_request_failed":["A valid URL was not provided."]},"error_data":[]}}
2026-08-23T08:08:32+00:00 INFO {"url":"https:\/\/woodmart-dummy.b-cdn.net\/woodmart2\/keyboards-elementor\/wp-content\/uploads\/sites\/71\/2026\/04\/akko-cinnamoroll-star-5108b-plus.jpeg","data":{"errors":{"http_request_failed":["A valid URL was not provided."]},"error_data":[]}}
2026-08-23T08:08:32+00:00 INFO {"url":"https:\/\/woodmart-dummy.b-cdn.net\/woodmart2\/keyboards-elementor\/wp-content\/uploads\/sites\/71\/2026\/04\/akko-cinnamoroll-star-5108b-plus.jpeg","data":{"errors":{"http_request_failed":["A valid URL was not provided."]},"error_data":[]}}
2026-08-23T08:08:32+00:00 INFO {"url":"https:\/\/woodmart-dummy.b-cdn.net\/woodmart2\/keyboards-elementor\/wp-content\/uploads\/sites\/71\/2026\/04\/lofree-retro.jpeg","data":{"errors":{"http_request_failed":["A valid URL was not provided."]},"error_data":[]}}
2026-08-23T08:08:32+00:00 INFO {"url":"https:\/\/woodmart-dummy.b-cdn.net\/woodmart2\/keyboards-elementor\/wp-content\/uploads\/sites\/71\/2026\/04\/lofree-retro.jpeg","data":{"errors":{"http_request_failed":["A valid URL was not provided."]},"error_data":[]}}
2026-08-23T08:08:32+00:00 INFO {"url":"https:\/\/woodmart-dummy.b-cdn.net\/woodmart2\/keyboards-elementor\/wp-content\/uploads\/sites\/71\/2026\/04\/lofree-retro.jpeg","data":{"errors":{"http_request_failed":["A valid URL was not provided."]},"error_data":[]}}
